[INFO] Scanning for projects...
[INFO] 
[INFO] -------------------< com.Safari-smart:Safari-smart >--------------------
[INFO] Building Safari-smart 0.0.1-SNAPSHOT
[INFO]   from pom.xml
[INFO] --------------------------------[ jar ]---------------------------------
[INFO] 
[INFO] >>> spring-boot:4.1.0:run (default-cli) > test-compile @ Safari-smart >>>
[INFO] 
[INFO] --- resources:3.5.0:resources (default-resources) @ Safari-smart ---
[INFO] Copying 1 resource from src\main\resources to target\classes
[INFO] Copying 17 resources from src\main\resources to target\classes
[INFO] 
[INFO] --- compiler:3.15.0:compile (default-compile) @ Safari-smart ---
[INFO] Nothing to compile - all classes are up to date.
[INFO] 
[INFO] --- resources:3.5.0:testResources (default-testResources) @ Safari-smart ---
[INFO] skip non existing resourceDirectory D:\jdk-21.0.11+10\Safari-smart\src\test\resources
[INFO] 
[INFO] --- compiler:3.15.0:testCompile (default-testCompile) @ Safari-smart ---
[INFO] Nothing to compile - all classes are up to date.
[INFO] 
[INFO] <<< spring-boot:4.1.0:run (default-cli) < test-compile @ Safari-smart <<<
[INFO] 
[INFO] 
[INFO] --- spring-boot:4.1.0:run (default-cli) @ Safari-smart ---
[INFO] Attaching agents: []

  .   ____          _            __ _ _
 /\\ / ___'_ __ _ _(_)_ __  __ _ \ \ \ \
( ( )\___ | '_ | '_| | '_ \/ _` | \ \ \ \
 \\/  ___)| |_)| | | | | || (_| |  ) ) ) )
  '  |____| .__|_| |_|_| |_\__, | / / / /
 =========|_|==============|___/=/_/_/_/

 :: Spring Boot ::                (v4.1.0)

2026-07-29T14:35:39.452+03:00  INFO 41532 --- [safari-smart] [  restartedMain] c.s.safarismart.SafariSmartApplication   : Starting SafariSmartApplication using Java 21.0.11 with PID 41532 (D:\jdk-21.0.11+10\Safari-smart\target\classes started by j in D:\jdk-21.0.11+10\Safari-smart)
2026-07-29T14:35:39.460+03:00  INFO 41532 --- [safari-smart] [  restartedMain] c.s.safarismart.SafariSmartApplication   : No active profile set, falling back to 1 default profile: "default"
2026-07-29T14:35:39.597+03:00  INFO 41532 --- [safari-smart] [  restartedMain] .e.DevToolsPropertyDefaultsPostProcessor : Devtools property defaults active! Set 'spring.devtools.add-properties' to 'false' to disable
2026-07-29T14:35:39.597+03:00  INFO 41532 --- [safari-smart] [  restartedMain] .e.DevToolsPropertyDefaultsPostProcessor : For additional web related logging consider setting the 'logging.level.web' property to 'DEBUG'
2026-07-29T14:35:41.399+03:00  INFO 41532 --- [safari-smart] [  restartedMain] .s.d.r.c.RepositoryConfigurationDelegate : Bootstrapping Spring Data JPA repositories in DEFAULT mode.
2026-07-29T14:35:41.525+03:00  INFO 41532 --- [safari-smart] [  restartedMain] .s.d.r.c.RepositoryConfigurationDelegate : Finished Spring Data repository scanning in 107 ms. Found 5 JPA repository interfaces.
2026-07-29T14:35:42.869+03:00  INFO 41532 --- [safari-smart] [  restartedMain] o.s.boot.tomcat.TomcatWebServer          : Tomcat initialized with port 8080 (http)
2026-07-29T14:35:42.913+03:00  INFO 41532 --- [safari-smart] [  restartedMain] o.apache.catalina.core.StandardService   : Starting service [Tomcat]
2026-07-29T14:35:42.914+03:00  INFO 41532 --- [safari-smart] [  restartedMain] o.apache.catalina.core.StandardEngine    : Starting Servlet engine: [Apache Tomcat/11.0.22]
2026-07-29T14:35:42.996+03:00  INFO 41532 --- [safari-smart] [  restartedMain] b.w.c.s.WebApplicationContextInitializer : Root WebApplicationContext: initialization completed in 3396 ms
2026-07-29T14:35:43.468+03:00  INFO 41532 --- [safari-smart] [  restartedMain] org.hibernate.orm.jpa                    : HHH008540: Processing PersistenceUnitInfo [name: default]
2026-07-29T14:35:43.597+03:00  INFO 41532 --- [safari-smart] [  restartedMain] org.hibernate.orm.core                   : HHH000001: Hibernate ORM core version 7.4.1.Final
2026-07-29T14:35:44.522+03:00  INFO 41532 --- [safari-smart] [  restartedMain] o.s.o.j.p.SpringPersistenceUnitInfo      : No LoadTimeWeaver setup: ignoring JPA class transformer
2026-07-29T14:35:44.589+03:00  INFO 41532 --- [safari-smart] [  restartedMain] com.zaxxer.hikari.HikariDataSource       : HikariPool-1 - Starting...
2026-07-29T14:35:45.048+03:00  INFO 41532 --- [safari-smart] [  restartedMain] com.zaxxer.hikari.pool.HikariPool        : HikariPool-1 - Added connection org.postgresql.jdbc.PgConnection@7a8b29d5
2026-07-29T14:35:45.051+03:00  INFO 41532 --- [safari-smart] [  restartedMain] com.zaxxer.hikari.HikariDataSource       : HikariPool-1 - Start completed.
2026-07-29T14:35:45.117+03:00  WARN 41532 --- [safari-smart] [  restartedMain] org.hibernate.orm.deprecation            : HHH90000025: PostgreSQLDialect does not need to be specified explicitly using 'hibernate.dialect' (remove the property setting and it will be selected by default)
2026-07-29T14:35:45.175+03:00  INFO 41532 --- [safari-smart] [  restartedMain] org.hibernate.orm.connections.pooling    : HHH10001005: Database info:
	Database JDBC URL [jdbc:postgresql://localhost:5432/safarismart_db]
	Database driver: PostgreSQL JDBC Driver
	Database dialect: PostgreSQLDialect
	Database version: 18.4
	Default catalog/schema: safarismart_db/public
	Autocommit mode: undefined/unknown
	Isolation level: READ_COMMITTED [default READ_COMMITTED]
	JDBC fetch size: none
	Pool: DataSourceConnectionProvider
	Minimum pool size: undefined/unknown
	Maximum pool size: undefined/unknown
2026-07-29T14:35:47.840+03:00  INFO 41532 --- [safari-smart] [  restartedMain] org.hibernate.orm.core                   : HHH000489: No JTA platform available (set 'hibernate.transaction.jta.platform' to enable JTA platform integration)
2026-07-29T14:35:48.056+03:00  INFO 41532 --- [safari-smart] [  restartedMain] j.LocalContainerEntityManagerFactoryBean : Initialized JPA EntityManagerFactory for persistence unit 'default'
2026-07-29T14:35:48.243+03:00  INFO 41532 --- [safari-smart] [  restartedMain] o.s.d.j.r.query.QueryEnhancerFactories   : Hibernate is in classpath; If applicable, HQL parser will be used.
2026-07-29T14:35:48.743+03:00  WARN 41532 --- [safari-smart] [  restartedMain] JpaBaseConfiguration$JpaWebConfiguration : spring.jpa.open-in-view is enabled by default. Therefore, database queries may be performed during view rendering. Explicitly configure spring.jpa.open-in-view to disable this warning
2026-07-29T14:35:48.907+03:00  WARN 41532 --- [safari-smart] [  restartedMain] .s.a.UserDetailsServiceAutoConfiguration : 

Using generated security password: 3a24a6a0-1dc7-48ec-8802-700e28968cb5

This generated password is for development use only. Your security configuration must be updated before running your application in production.

2026-07-29T14:35:48.924+03:00  INFO 41532 --- [safari-smart] [  restartedMain] r$InitializeUserDetailsManagerConfigurer : Global AuthenticationManager configured with UserDetailsService bean with name inMemoryUserDetailsManager
2026-07-29T14:35:49.271+03:00  INFO 41532 --- [safari-smart] [  restartedMain] o.s.b.w.a.WelcomePageHandlerMapping      : Adding welcome page template: index
2026-07-29T14:35:50.082+03:00  INFO 41532 --- [safari-smart] [  restartedMain] o.s.b.a.e.web.EndpointLinksResolver      : Exposing 1 endpoint beneath base path '/actuator'
2026-07-29T14:35:50.259+03:00  INFO 41532 --- [safari-smart] [  restartedMain] o.s.boot.tomcat.TomcatWebServer          : Tomcat started on port 8080 (http) with context path '/'
2026-07-29T14:35:50.272+03:00  INFO 41532 --- [safari-smart] [  restartedMain] c.s.safarismart.SafariSmartApplication   : Started SafariSmartApplication in 11.744 seconds (process running for 12.866)
Hibernate: select count(*) from categories c1_0
2026-07-29T14:38:48.062+03:00  INFO 41532 --- [safari-smart] [nio-8080-exec-1] o.a.c.c.C.[Tomcat].[localhost].[/]       : Initializing Spring DispatcherServlet 'dispatcherServlet'
2026-07-29T14:38:48.062+03:00  INFO 41532 --- [safari-smart] [nio-8080-exec-1] o.s.web.servlet.DispatcherServlet        : Initializing Servlet 'dispatcherServlet'
2026-07-29T14:38:48.066+03:00  INFO 41532 --- [safari-smart] [nio-8080-exec-1] o.s.web.servlet.DispatcherServlet        : Completed initialization in 2 ms
Hibernate: select sp1_0.id,sp1_0.category_id,sp1_0.description,sp1_0.destination,sp1_0.duration_days,sp1_0.image_url,sp1_0.max_capacity,sp1_0.name,sp1_0.price from safari_packages sp1_0
Hibernate: select c1_0.id,c1_0.description,c1_0.name from categories c1_0 where c1_0.id=?
Hibernate: select c1_0.id,c1_0.description,c1_0.name from categories c1_0 where c1_0.id=?
Hibernate: select c1_0.id,c1_0.description,c1_0.name from categories c1_0 where c1_0.id=?
Hibernate: select c1_0.id,c1_0.description,c1_0.name from categories c1_0 where c1_0.id=?
Hibernate: select c1_0.id,c1_0.description,c1_0.name from categories c1_0 where c1_0.id=?
Hibernate: select c1_0.id,c1_0.description,c1_0.name from categories c1_0
Hibernate: select sp1_0.id,sp1_0.category_id,sp1_0.description,sp1_0.destination,sp1_0.duration_days,sp1_0.image_url,sp1_0.max_capacity,sp1_0.name,sp1_0.price from safari_packages sp1_0
Hibernate: select b1_0.id,b1_0.created_at,b1_0.number_of_people,b1_0.safari_package_id,b1_0.status,b1_0.total_amount,b1_0.travel_date,b1_0.user_id from bookings b1_0
Hibernate: select u1_0.id,u1_0.email,u1_0.name,u1_0.password,u1_0.phone,u1_0.role from users u1_0 where u1_0.id=?
Hibernate: select u1_0.id,u1_0.email,u1_0.name,u1_0.password,u1_0.phone,u1_0.role from users u1_0 where u1_0.id=?
Hibernate: select u1_0.id,u1_0.email,u1_0.name,u1_0.password,u1_0.phone,u1_0.role from users u1_0 where u1_0.id=?
Hibernate: select u1_0.id,u1_0.email,u1_0.name,u1_0.password,u1_0.phone,u1_0.role from users u1_0 where u1_0.email=?
Hibernate: select u1_0.id from users u1_0 where u1_0.email=? fetch first ? rows only
Hibernate: insert into users (email,name,password,phone,role) values (?,?,?,?,?)
Hibernate: select sp1_0.id,sp1_0.category_id,sp1_0.description,sp1_0.destination,sp1_0.duration_days,sp1_0.image_url,sp1_0.max_capacity,sp1_0.name,sp1_0.price from safari_packages sp1_0
Hibernate: select c1_0.id,c1_0.description,c1_0.name from categories c1_0 where c1_0.id=?
Hibernate: select c1_0.id,c1_0.description,c1_0.name from categories c1_0 where c1_0.id=?
Hibernate: select c1_0.id,c1_0.description,c1_0.name from categories c1_0 where c1_0.id=?
Hibernate: select c1_0.id,c1_0.description,c1_0.name from categories c1_0 where c1_0.id=?
Hibernate: select c1_0.id,c1_0.description,c1_0.name from categories c1_0 where c1_0.id=?
Hibernate: select c1_0.id,c1_0.description,c1_0.name from categories c1_0
Hibernate: select sp1_0.id,sp1_0.category_id,sp1_0.description,sp1_0.destination,sp1_0.duration_days,sp1_0.image_url,sp1_0.max_capacity,sp1_0.name,sp1_0.price from safari_packages sp1_0
Hibernate: select c1_0.id,c1_0.description,c1_0.name from categories c1_0 where c1_0.id=?
Hibernate: select c1_0.id,c1_0.description,c1_0.name from categories c1_0 where c1_0.id=?
Hibernate: select c1_0.id,c1_0.description,c1_0.name from categories c1_0 where c1_0.id=?
Hibernate: select c1_0.id,c1_0.description,c1_0.name from categories c1_0 where c1_0.id=?
Hibernate: select c1_0.id,c1_0.description,c1_0.name from categories c1_0 where c1_0.id=?
Hibernate: select b1_0.id,b1_0.created_at,b1_0.number_of_people,b1_0.safari_package_id,b1_0.status,b1_0.total_amount,b1_0.travel_date,b1_0.user_id from bookings b1_0
Hibernate: select sp1_0.id,c1_0.id,c1_0.description,c1_0.name,sp1_0.description,sp1_0.destination,sp1_0.duration_days,sp1_0.image_url,sp1_0.max_capacity,sp1_0.name,sp1_0.price from safari_packages sp1_0 left join categories c1_0 on c1_0.id=sp1_0.category_id where sp1_0.id=?
Hibernate: select u1_0.id,u1_0.email,u1_0.name,u1_0.password,u1_0.phone,u1_0.role from users u1_0 where u1_0.id=?
Hibernate: select sp1_0.id,c1_0.id,c1_0.description,c1_0.name,sp1_0.description,sp1_0.destination,sp1_0.duration_days,sp1_0.image_url,sp1_0.max_capacity,sp1_0.name,sp1_0.price from safari_packages sp1_0 left join categories c1_0 on c1_0.id=sp1_0.category_id where sp1_0.id=?
Hibernate: select u1_0.id,u1_0.email,u1_0.name,u1_0.password,u1_0.phone,u1_0.role from users u1_0 where u1_0.id=?
Hibernate: select sp1_0.id,c1_0.id,c1_0.description,c1_0.name,sp1_0.description,sp1_0.destination,sp1_0.duration_days,sp1_0.image_url,sp1_0.max_capacity,sp1_0.name,sp1_0.price from safari_packages sp1_0 left join categories c1_0 on c1_0.id=sp1_0.category_id where sp1_0.id=?
Hibernate: select u1_0.id,u1_0.email,u1_0.name,u1_0.password,u1_0.phone,u1_0.role from users u1_0 where u1_0.id=?
Hibernate: select sp1_0.id,c1_0.id,c1_0.description,c1_0.name,sp1_0.description,sp1_0.destination,sp1_0.duration_days,sp1_0.image_url,sp1_0.max_capacity,sp1_0.name,sp1_0.price from safari_packages sp1_0 left join categories c1_0 on c1_0.id=sp1_0.category_id where sp1_0.id=?
Hibernate: select sp1_0.id,c1_0.id,c1_0.description,c1_0.name,sp1_0.description,sp1_0.destination,sp1_0.duration_days,sp1_0.image_url,sp1_0.max_capacity,sp1_0.name,sp1_0.price from safari_packages sp1_0 left join categories c1_0 on c1_0.id=sp1_0.category_id where sp1_0.id=?
Hibernate: select p1_0.id from payments p1_0 where p1_0.booking_id=? and p1_0.status=? fetch first ? rows only
Hibernate: select p1_0.id from payments p1_0 where p1_0.booking_id=? and p1_0.status=? fetch first ? rows only
Hibernate: select p1_0.id from payments p1_0 where p1_0.booking_id=? and p1_0.status=? fetch first ? rows only
Hibernate: select p1_0.id from payments p1_0 where p1_0.booking_id=? and p1_0.status=? fetch first ? rows only
Hibernate: select b1_0.id,b1_0.created_at,b1_0.number_of_people,b1_0.safari_package_id,b1_0.status,b1_0.total_amount,b1_0.travel_date,b1_0.user_id from bookings b1_0
Hibernate: select p1_0.id from payments p1_0 where p1_0.booking_id=? and p1_0.status=? fetch first ? rows only
Hibernate: select sp1_0.id,c1_0.id,c1_0.description,c1_0.name,sp1_0.description,sp1_0.destination,sp1_0.duration_days,sp1_0.image_url,sp1_0.max_capacity,sp1_0.name,sp1_0.price from safari_packages sp1_0 left join categories c1_0 on c1_0.id=sp1_0.category_id where sp1_0.id=?
Hibernate: select u1_0.id,u1_0.email,u1_0.name,u1_0.password,u1_0.phone,u1_0.role from users u1_0 where u1_0.id=?
Hibernate: select sp1_0.id,c1_0.id,c1_0.description,c1_0.name,sp1_0.description,sp1_0.destination,sp1_0.duration_days,sp1_0.image_url,sp1_0.max_capacity,sp1_0.name,sp1_0.price from safari_packages sp1_0 left join categories c1_0 on c1_0.id=sp1_0.category_id where sp1_0.id=?
Hibernate: select u1_0.id,u1_0.email,u1_0.name,u1_0.password,u1_0.phone,u1_0.role from users u1_0 where u1_0.id=?
Hibernate: select sp1_0.id,c1_0.id,c1_0.description,c1_0.name,sp1_0.description,sp1_0.destination,sp1_0.duration_days,sp1_0.image_url,sp1_0.max_capacity,sp1_0.name,sp1_0.price from safari_packages sp1_0 left join categories c1_0 on c1_0.id=sp1_0.category_id where sp1_0.id=?
Hibernate: select u1_0.id,u1_0.email,u1_0.name,u1_0.password,u1_0.phone,u1_0.role from users u1_0 where u1_0.id=?
Hibernate: select sp1_0.id,c1_0.id,c1_0.description,c1_0.name,sp1_0.description,sp1_0.destination,sp1_0.duration_days,sp1_0.image_url,sp1_0.max_capacity,sp1_0.name,sp1_0.price from safari_packages sp1_0 left join categories c1_0 on c1_0.id=sp1_0.category_id where sp1_0.id=?
Hibernate: select sp1_0.id,c1_0.id,c1_0.description,c1_0.name,sp1_0.description,sp1_0.destination,sp1_0.duration_days,sp1_0.image_url,sp1_0.max_capacity,sp1_0.name,sp1_0.price from safari_packages sp1_0 left join categories c1_0 on c1_0.id=sp1_0.category_id where sp1_0.id=?
Hibernate: select p1_0.id from payments p1_0 where p1_0.booking_id=? and p1_0.status=? fetch first ? rows only
Hibernate: select p1_0.id from payments p1_0 where p1_0.booking_id=? and p1_0.status=? fetch first ? rows only
Hibernate: select p1_0.id from payments p1_0 where p1_0.booking_id=? and p1_0.status=? fetch first ? rows only
Hibernate: select p1_0.id from payments p1_0 where p1_0.booking_id=? and p1_0.status=? fetch first ? rows only
Hibernate: select p1_0.id from payments p1_0 where p1_0.booking_id=? and p1_0.status=? fetch first ? rows only
Hibernate: select b1_0.id,b1_0.created_at,b1_0.number_of_people,b1_0.safari_package_id,b1_0.status,b1_0.total_amount,b1_0.travel_date,b1_0.user_id from bookings b1_0
Hibernate: select sp1_0.id,c1_0.id,c1_0.description,c1_0.name,sp1_0.description,sp1_0.destination,sp1_0.duration_days,sp1_0.image_url,sp1_0.max_capacity,sp1_0.name,sp1_0.price from safari_packages sp1_0 left join categories c1_0 on c1_0.id=sp1_0.category_id where sp1_0.id=?
Hibernate: select u1_0.id,u1_0.email,u1_0.name,u1_0.password,u1_0.phone,u1_0.role from users u1_0 where u1_0.id=?
Hibernate: select sp1_0.id,c1_0.id,c1_0.description,c1_0.name,sp1_0.description,sp1_0.destination,sp1_0.duration_days,sp1_0.image_url,sp1_0.max_capacity,sp1_0.name,sp1_0.price from safari_packages sp1_0 left join categories c1_0 on c1_0.id=sp1_0.category_id where sp1_0.id=?
Hibernate: select u1_0.id,u1_0.email,u1_0.name,u1_0.password,u1_0.phone,u1_0.role from users u1_0 where u1_0.id=?
Hibernate: select sp1_0.id,c1_0.id,c1_0.description,c1_0.name,sp1_0.description,sp1_0.destination,sp1_0.duration_days,sp1_0.image_url,sp1_0.max_capacity,sp1_0.name,sp1_0.price from safari_packages sp1_0 left join categories c1_0 on c1_0.id=sp1_0.category_id where sp1_0.id=?
Hibernate: select u1_0.id,u1_0.email,u1_0.name,u1_0.password,u1_0.phone,u1_0.role from users u1_0 where u1_0.id=?
Hibernate: select sp1_0.id,c1_0.id,c1_0.description,c1_0.name,sp1_0.description,sp1_0.destination,sp1_0.duration_days,sp1_0.image_url,sp1_0.max_capacity,sp1_0.name,sp1_0.price from safari_packages sp1_0 left join categories c1_0 on c1_0.id=sp1_0.category_id where sp1_0.id=?
Hibernate: select sp1_0.id,c1_0.id,c1_0.description,c1_0.name,sp1_0.description,sp1_0.destination,sp1_0.duration_days,sp1_0.image_url,sp1_0.max_capacity,sp1_0.name,sp1_0.price from safari_packages sp1_0 left join categories c1_0 on c1_0.id=sp1_0.category_id where sp1_0.id=?
Hibernate: select p1_0.id from payments p1_0 where p1_0.booking_id=? and p1_0.status=? fetch first ? rows only
Hibernate: select p1_0.id from payments p1_0 where p1_0.booking_id=? and p1_0.status=? fetch first ? rows only
Hibernate: select p1_0.id from payments p1_0 where p1_0.booking_id=? and p1_0.status=? fetch first ? rows only
Hibernate: select p1_0.id from payments p1_0 where p1_0.booking_id=? and p1_0.status=? fetch first ? rows only
Hibernate: select p1_0.id from payments p1_0 where p1_0.booking_id=? and p1_0.status=? fetch first ? rows only
Hibernate: select u1_0.id,u1_0.email,u1_0.name,u1_0.password,u1_0.phone,u1_0.role from users u1_0 where u1_0.email=?
Hibernate: select sp1_0.id,sp1_0.category_id,sp1_0.description,sp1_0.destination,sp1_0.duration_days,sp1_0.image_url,sp1_0.max_capacity,sp1_0.name,sp1_0.price from safari_packages sp1_0
Hibernate: select c1_0.id,c1_0.description,c1_0.name from categories c1_0 where c1_0.id=?
Hibernate: select c1_0.id,c1_0.description,c1_0.name from categories c1_0 where c1_0.id=?
Hibernate: select c1_0.id,c1_0.description,c1_0.name from categories c1_0 where c1_0.id=?
Hibernate: select c1_0.id,c1_0.description,c1_0.name from categories c1_0 where c1_0.id=?
Hibernate: select c1_0.id,c1_0.description,c1_0.name from categories c1_0 where c1_0.id=?
Hibernate: select c1_0.id,c1_0.description,c1_0.name from categories c1_0
Hibernate: select b1_0.id,b1_0.created_at,b1_0.number_of_people,b1_0.safari_package_id,b1_0.status,b1_0.total_amount,b1_0.travel_date,b1_0.user_id from bookings b1_0
Hibernate: select u1_0.id,u1_0.email,u1_0.name,u1_0.password,u1_0.phone,u1_0.role from users u1_0 where u1_0.id=?
Hibernate: select u1_0.id,u1_0.email,u1_0.name,u1_0.password,u1_0.phone,u1_0.role from users u1_0 where u1_0.id=?
Hibernate: select u1_0.id,u1_0.email,u1_0.name,u1_0.password,u1_0.phone,u1_0.role from users u1_0 where u1_0.id=?
Hibernate: select sp1_0.id,sp1_0.category_id,sp1_0.description,sp1_0.destination,sp1_0.duration_days,sp1_0.image_url,sp1_0.max_capacity,sp1_0.name,sp1_0.price from safari_packages sp1_0
Hibernate: select u1_0.id,u1_0.email,u1_0.name,u1_0.password,u1_0.phone,u1_0.role from users u1_0
Hibernate: select b1_0.id,b1_0.created_at,b1_0.number_of_people,b1_0.safari_package_id,b1_0.status,b1_0.total_amount,b1_0.travel_date,b1_0.user_id from bookings b1_0
Hibernate: select p1_0.id,p1_0.amount,p1_0.booking_id,p1_0.payment_date,p1_0.payment_method,p1_0.receipt_number,p1_0.status,p1_0.user_id,p1_0.verified_at,p1_0.verified_by from payments p1_0
Hibernate: select p1_0.id,p1_0.amount,p1_0.booking_id,p1_0.payment_date,p1_0.payment_method,p1_0.receipt_number,p1_0.status,p1_0.user_id,p1_0.verified_at,p1_0.verified_by from payments p1_0
Hibernate: select p1_0.id,p1_0.amount,p1_0.booking_id,p1_0.payment_date,p1_0.payment_method,p1_0.receipt_number,p1_0.status,p1_0.user_id,p1_0.verified_at,p1_0.verified_by from payments p1_0
Hibernate: select sp1_0.id,sp1_0.category_id,sp1_0.description,sp1_0.destination,sp1_0.duration_days,sp1_0.image_url,sp1_0.max_capacity,sp1_0.name,sp1_0.price from safari_packages sp1_0
Hibernate: select c1_0.id,c1_0.description,c1_0.name from categories c1_0 where c1_0.id=?
Hibernate: select c1_0.id,c1_0.description,c1_0.name from categories c1_0 where c1_0.id=?
Hibernate: select c1_0.id,c1_0.description,c1_0.name from categories c1_0 where c1_0.id=?
Hibernate: select c1_0.id,c1_0.description,c1_0.name from categories c1_0 where c1_0.id=?
Hibernate: select c1_0.id,c1_0.description,c1_0.name from categories c1_0 where c1_0.id=?
Hibernate: select p1_0.id,p1_0.amount,p1_0.booking_id,p1_0.payment_date,p1_0.payment_method,p1_0.receipt_number,p1_0.status,p1_0.user_id,p1_0.verified_at,p1_0.verified_by from payments p1_0
Hibernate: select b1_0.id,b1_0.created_at,b1_0.number_of_people,b1_0.safari_package_id,sp1_0.id,c1_0.id,c1_0.description,c1_0.name,sp1_0.description,sp1_0.destination,sp1_0.duration_days,sp1_0.image_url,sp1_0.max_capacity,sp1_0.name,sp1_0.price,b1_0.status,b1_0.total_amount,b1_0.travel_date,b1_0.user_id,u1_0.id,u1_0.email,u1_0.name,u1_0.password,u1_0.phone,u1_0.role from bookings b1_0 join safari_packages sp1_0 on sp1_0.id=b1_0.safari_package_id left join categories c1_0 on c1_0.id=sp1_0.category_id join users u1_0 on u1_0.id=b1_0.user_id where b1_0.id=?
Hibernate: select b1_0.id,b1_0.created_at,b1_0.number_of_people,b1_0.safari_package_id,sp1_0.id,c1_0.id,c1_0.description,c1_0.name,sp1_0.description,sp1_0.destination,sp1_0.duration_days,sp1_0.image_url,sp1_0.max_capacity,sp1_0.name,sp1_0.price,b1_0.status,b1_0.total_amount,b1_0.travel_date,b1_0.user_id,u1_0.id,u1_0.email,u1_0.name,u1_0.password,u1_0.phone,u1_0.role from bookings b1_0 join safari_packages sp1_0 on sp1_0.id=b1_0.safari_package_id left join categories c1_0 on c1_0.id=sp1_0.category_id join users u1_0 on u1_0.id=b1_0.user_id where b1_0.id=?
Hibernate: select p1_0.id,p1_0.amount,p1_0.booking_id,p1_0.payment_date,p1_0.payment_method,p1_0.receipt_number,p1_0.status,p1_0.user_id,p1_0.verified_at,p1_0.verified_by from payments p1_0
Hibernate: select b1_0.id,b1_0.created_at,b1_0.number_of_people,b1_0.safari_package_id,sp1_0.id,c1_0.id,c1_0.description,c1_0.name,sp1_0.description,sp1_0.destination,sp1_0.duration_days,sp1_0.image_url,sp1_0.max_capacity,sp1_0.name,sp1_0.price,b1_0.status,b1_0.total_amount,b1_0.travel_date,b1_0.user_id,u1_0.id,u1_0.email,u1_0.name,u1_0.password,u1_0.phone,u1_0.role from bookings b1_0 join safari_packages sp1_0 on sp1_0.id=b1_0.safari_package_id left join categories c1_0 on c1_0.id=sp1_0.category_id join users u1_0 on u1_0.id=b1_0.user_id where b1_0.id=?
Hibernate: select b1_0.id,b1_0.created_at,b1_0.number_of_people,b1_0.safari_package_id,sp1_0.id,c1_0.id,c1_0.description,c1_0.name,sp1_0.description,sp1_0.destination,sp1_0.duration_days,sp1_0.image_url,sp1_0.max_capacity,sp1_0.name,sp1_0.price,b1_0.status,b1_0.total_amount,b1_0.travel_date,b1_0.user_id,u1_0.id,u1_0.email,u1_0.name,u1_0.password,u1_0.phone,u1_0.role from bookings b1_0 join safari_packages sp1_0 on sp1_0.id=b1_0.safari_package_id left join categories c1_0 on c1_0.id=sp1_0.category_id join users u1_0 on u1_0.id=b1_0.user_id where b1_0.id=?
Hibernate: select sp1_0.id,sp1_0.category_id,sp1_0.description,sp1_0.destination,sp1_0.duration_days,sp1_0.image_url,sp1_0.max_capacity,sp1_0.name,sp1_0.price from safari_packages sp1_0
Hibernate: select c1_0.id,c1_0.description,c1_0.name from categories c1_0 where c1_0.id=?
Hibernate: select c1_0.id,c1_0.description,c1_0.name from categories c1_0 where c1_0.id=?
Hibernate: select c1_0.id,c1_0.description,c1_0.name from categories c1_0 where c1_0.id=?
Hibernate: select c1_0.id,c1_0.description,c1_0.name from categories c1_0 where c1_0.id=?
Hibernate: select c1_0.id,c1_0.description,c1_0.name from categories c1_0 where c1_0.id=?
Hibernate: select sp1_0.id,sp1_0.category_id,sp1_0.description,sp1_0.destination,sp1_0.duration_days,sp1_0.image_url,sp1_0.max_capacity,sp1_0.name,sp1_0.price from safari_packages sp1_0
Hibernate: select c1_0.id,c1_0.description,c1_0.name from categories c1_0 where c1_0.id=?
Hibernate: select c1_0.id,c1_0.description,c1_0.name from categories c1_0 where c1_0.id=?
Hibernate: select c1_0.id,c1_0.description,c1_0.name from categories c1_0 where c1_0.id=?
Hibernate: select c1_0.id,c1_0.description,c1_0.name from categories c1_0 where c1_0.id=?
Hibernate: select c1_0.id,c1_0.description,c1_0.name from categories c1_0 where c1_0.id=?
Hibernate: select c1_0.id,c1_0.description,c1_0.name from categories c1_0
Hibernate: select b1_0.id,b1_0.created_at,b1_0.number_of_people,b1_0.safari_package_id,b1_0.status,b1_0.total_amount,b1_0.travel_date,b1_0.user_id from bookings b1_0
Hibernate: select u1_0.id,u1_0.email,u1_0.name,u1_0.password,u1_0.phone,u1_0.role from users u1_0 where u1_0.id=?
Hibernate: select u1_0.id,u1_0.email,u1_0.name,u1_0.password,u1_0.phone,u1_0.role from users u1_0 where u1_0.id=?
Hibernate: select u1_0.id,u1_0.email,u1_0.name,u1_0.password,u1_0.phone,u1_0.role from users u1_0 where u1_0.id=?
Hibernate: select sp1_0.id,sp1_0.category_id,sp1_0.description,sp1_0.destination,sp1_0.duration_days,sp1_0.image_url,sp1_0.max_capacity,sp1_0.name,sp1_0.price from safari_packages sp1_0
Hibernate: select u1_0.id,u1_0.email,u1_0.name,u1_0.password,u1_0.phone,u1_0.role from users u1_0
Hibernate: select b1_0.id,b1_0.created_at,b1_0.number_of_people,b1_0.safari_package_id,b1_0.status,b1_0.total_amount,b1_0.travel_date,b1_0.user_id from bookings b1_0
Hibernate: select p1_0.id,p1_0.amount,p1_0.booking_id,p1_0.payment_date,p1_0.payment_method,p1_0.receipt_number,p1_0.status,p1_0.user_id,p1_0.verified_at,p1_0.verified_by from payments p1_0
Hibernate: select p1_0.id,p1_0.amount,p1_0.booking_id,p1_0.payment_date,p1_0.payment_method,p1_0.receipt_number,p1_0.status,p1_0.user_id,p1_0.verified_at,p1_0.verified_by from payments p1_0
Hibernate: select p1_0.id,p1_0.amount,p1_0.booking_id,p1_0.payment_date,p1_0.payment_method,p1_0.receipt_number,p1_0.status,p1_0.user_id,p1_0.verified_at,p1_0.verified_by from payments p1_0
Hibernate: select sp1_0.id,sp1_0.category_id,sp1_0.description,sp1_0.destination,sp1_0.duration_days,sp1_0.image_url,sp1_0.max_capacity,sp1_0.name,sp1_0.price from safari_packages sp1_0
Hibernate: select c1_0.id,c1_0.description,c1_0.name from categories c1_0 where c1_0.id=?
Hibernate: select c1_0.id,c1_0.description,c1_0.name from categories c1_0 where c1_0.id=?
Hibernate: select c1_0.id,c1_0.description,c1_0.name from categories c1_0 where c1_0.id=?
Hibernate: select c1_0.id,c1_0.description,c1_0.name from categories c1_0 where c1_0.id=?
Hibernate: select c1_0.id,c1_0.description,c1_0.name from categories c1_0 where c1_0.id=?
Hibernate: select c1_0.id,c1_0.description,c1_0.name from categories c1_0
Hibernate: select sp1_0.id,sp1_0.category_id,sp1_0.description,sp1_0.destination,sp1_0.duration_days,sp1_0.image_url,sp1_0.max_capacity,sp1_0.name,sp1_0.price from safari_packages sp1_0
Hibernate: select b1_0.id,b1_0.created_at,b1_0.number_of_people,b1_0.safari_package_id,b1_0.status,b1_0.total_amount,b1_0.travel_date,b1_0.user_id from bookings b1_0
Hibernate: select u1_0.id,u1_0.email,u1_0.name,u1_0.password,u1_0.phone,u1_0.role from users u1_0 where u1_0.id=?
Hibernate: select u1_0.id,u1_0.email,u1_0.name,u1_0.password,u1_0.phone,u1_0.role from users u1_0 where u1_0.id=?
Hibernate: select u1_0.id,u1_0.email,u1_0.name,u1_0.password,u1_0.phone,u1_0.role from users u1_0 where u1_0.id=?
